// Jest Snapshot v1, https://goo.gl/fbAQLP

exports[`should test 1`] = `
.c0 {
  color: blue;
}

<h1
  class="c0"
>
  Ola
</h1>
`;
